20:26:42 **** Incremental Build of configuration Debug for project 05_blinky ****
make -j8 all 
arm-none-eabi-gcc "../Src/main.c" -mcpu=cortex-m4 -std=gnu11 -g3 -DDEBUG -DSTM32 -DSTM32F4 -DSTM32F446RETx -DNUCLEO_F446RE -c -I../Inc -O0 -ffunction-sections -fdata-sections -Wall -fstack-usage -MMD -MP -MF"Src/main.d" -MT"Src/main.o" --specs=nano.specs -mfpu=fpv4-sp-d16 -mfloat-abi=hard -mthumb -o "Src/main.o"
arm-none-eabi-gcc -o "05_blinky.elf" @"objects.list"   -mcpu=cortex-m4 -T"/home/sourav/google_drive/my_github/moocs/1_embedded_arm/workspace/target/05_blinky/STM32F446RETX_FLASH.ld" --specs=nosys.specs -Wl,-Map="05_blinky.map" -Wl,--gc-sections -static --specs=nano.specs -mfpu=fpv4-sp-d16 -mfloat-abi=hard -mthumb -Wl,--start-group -lc -lm -Wl,--end-group
Finished building target: 05_blinky.elf
 
arm-none-eabi-size   05_blinky.elf 
arm-none-eabi-objdump -h -S  05_blinky.elf  > "05_blinky.list"
   text	   data	    bss	    dec	    hex	filename
    912	     20	   1564	   2496	    9c0	05_blinky.elf
Finished building: default.size.stdout
 
Finished building: 05_blinky.list
 
20:26:45 **** Incremental Build of configuration Debug for project 05_blinky ****
make -j8 all 
arm-none-eabi-size   05_blinky.elf 
   text	   data	    bss	    dec	    hex	filename
    912	     20	   1564	   2496	    9c0	05_blinky.elf
Finished building: default.size.stdout
 
